// Jest Snapshot v1, https://goo.gl/fbAQLP

exports[`<Header /> renders correctly 1`] = `
<DocumentFragment>
  <header
    class="bg-primary-main"
  >
    <div
      class="container"
    >
      <nav
        class="navbar"
      >
        <span
          class="navbar__brand"
        >
          Bullsfirst
        </span>
      </nav>
    </div>
  </header>
</DocumentFragment>
`;
